
> react-kavia@0.1.0 start
> react-scripts start

Attempting to bind to HOST environment variable: 0.0.0.0
If this was unintentional, check that you haven't mistakenly set it in your shell.
Learn more here: https://cra.link/advanced-config

(node:4793) [DEP_WEBPACK_DEV_SERVER_ON_AFTER_SETUP_MIDDLEWARE] DeprecationWarning: 'onAfterSetupMiddleware' option is deprecated. Please use the 'setupMiddlewares' option.
(Use `node --trace-deprecation ...` to show where the warning was created)
(node:4793) [DEP_WEBPACK_DEV_SERVER_ON_BEFORE_SETUP_MIDDLEWARE] DeprecationWarning: 'onBeforeSetupMiddleware' option is deprecated. Please use the 'setupMiddlewares' option.
Starting the development server...

Compiled successfully!

You can now view react-kavia in the browser.

  Local:            http://localhost:3000
  On Your Network:  http://172.17.0.2:3000

Note that the development build is not optimized.
To create a production build, use npm run build.

webpack compiled successfully
Compiling...
Compiled with warnings.

[eslint] 
src/App.js
  Line 35:10:  'charIdx' is assigned a value but never used  no-unused-vars

Search for the keywords to learn more about each warning.
To ignore, add // eslint-disable-next-line to the line before.

WARNING in [eslint] 
src/App.js
  Line 35:10:  'charIdx' is assigned a value but never used  no-unused-vars

webpack compiled with 1 warning
Compiling...
Failed to compile.

Module not found: Error: Can't resolve '@supabase/supabase-js' in '/home/kavia/workspace/code-generation/typemaster-114997-41c0e5d8/typing_tester_frontend/src'
WARNING in [eslint] 
src/App.js
  Line 47:10:  'charIdx' is assigned a value but never used  no-unused-vars

ERROR in ./src/supabaseClient.js 3:0-53
Module not found: Error: Can't resolve '@supabase/supabase-js' in '/home/kavia/workspace/code-generation/typemaster-114997-41c0e5d8/typing_tester_frontend/src'

ERROR in [eslint] 
src/App.js
  Line 241:23:  'highScore' is not defined     no-undef
  Line 243:9:   'setHighScore' is not defined  no-undef
  Line 282:5:   'setHighScore' is not defined  no-undef
  Line 381:80:  'highScore' is not defined     no-undef
  Line 382:39:  'highScore' is not defined     no-undef
  Line 597:76:  'highScore' is not defined     no-undef
  Line 598:35:  'highScore' is not defined     no-undef

Search for the keywords to learn more about each error.

webpack compiled with 2 errors and 1 warning
Compiling...
Failed to compile.

Module not found: Error: Can't resolve '@supabase/supabase-js' in '/home/kavia/workspace/code-generation/typemaster-114997-41c0e5d8/typing_tester_frontend/src'
LOG from webpack.FileSystemInfo
<w> Managed item /home/kavia/workspace/code-generation/typemaster-114997-41c0e5d8/typing_tester_frontend/node_modules/@supabase/supabase-js isn't a directory or doesn't contain a package.json (see snapshot.managedPaths option)
+ 13 hidden lines

WARNING in [eslint] 
src/App.js
  Line 47:10:  'charIdx' is assigned a value but never used  no-unused-vars

ERROR in ./src/supabaseClient.js 3:0-53
Module not found: Error: Can't resolve '@supabase/supabase-js' in '/home/kavia/workspace/code-generation/typemaster-114997-41c0e5d8/typing_tester_frontend/src'

ERROR in [eslint] 
src/App.js
  Line 241:23:  'highScore' is not defined     no-undef
  Line 243:9:   'setHighScore' is not defined  no-undef
  Line 282:5:   'setHighScore' is not defined  no-undef
  Line 381:80:  'highScore' is not defined     no-undef
  Line 382:39:  'highScore' is not defined     no-undef
  Line 597:76:  'highScore' is not defined     no-undef
  Line 598:35:  'highScore' is not defined     no-undef

Search for the keywords to learn more about each error.

webpack compiled with 2 errors and 1 warning
Compiling...
Failed to compile.

[eslint] 
src/App.js
  Line 241:23:  'highScore' is not defined     no-undef
  Line 243:9:   'setHighScore' is not defined  no-undef
  Line 282:5:   'setHighScore' is not defined  no-undef
  Line 381:80:  'highScore' is not defined     no-undef
  Line 382:39:  'highScore' is not defined     no-undef
  Line 597:76:  'highScore' is not defined     no-undef
  Line 598:35:  'highScore' is not defined     no-undef

Search for the keywords to learn more about each error.
WARNING in [eslint] 
src/App.js
  Line 47:10:  'charIdx' is assigned a value but never used  no-unused-vars

ERROR in [eslint] 
src/App.js
  Line 241:23:  'highScore' is not defined     no-undef
  Line 243:9:   'setHighScore' is not defined  no-undef
  Line 282:5:   'setHighScore' is not defined  no-undef
  Line 381:80:  'highScore' is not defined     no-undef
  Line 382:39:  'highScore' is not defined     no-undef
  Line 597:76:  'highScore' is not defined     no-undef
  Line 598:35:  'highScore' is not defined     no-undef

Search for the keywords to learn more about each error.

webpack compiled with 1 error and 1 warning
Compiling...
Failed to compile.

[eslint] 
src/App.js
  Line 241:23:  'highScore' is not defined     no-undef
  Line 243:9:   'setHighScore' is not defined  no-undef
  Line 282:5:   'setHighScore' is not defined  no-undef
  Line 381:80:  'highScore' is not defined     no-undef
  Line 382:39:  'highScore' is not defined     no-undef
  Line 597:76:  'highScore' is not defined     no-undef
  Line 598:35:  'highScore' is not defined     no-undef

Search for the keywords to learn more about each error.
WARNING in [eslint] 
src/App.js
  Line 47:10:  'charIdx' is assigned a value but never used  no-unused-vars

ERROR in [eslint] 
src/App.js
  Line 241:23:  'highScore' is not defined     no-undef
  Line 243:9:   'setHighScore' is not defined  no-undef
  Line 282:5:   'setHighScore' is not defined  no-undef
  Line 381:80:  'highScore' is not defined     no-undef
  Line 382:39:  'highScore' is not defined     no-undef
  Line 597:76:  'highScore' is not defined     no-undef
  Line 598:35:  'highScore' is not defined     no-undef

Search for the keywords to learn more about each error.

webpack compiled with 1 error and 1 warning
Compiling...
Compiled with warnings.

[eslint] 
src/App.js
  Line 47:10:  'charIdx' is assigned a value but never used  no-unused-vars

Search for the keywords to learn more about each warning.
To ignore, add // eslint-disable-next-line to the line before.

WARNING in [eslint] 
src/App.js
  Line 47:10:  'charIdx' is assigned a value but never used  no-unused-vars

webpack compiled with 1 warning
